
> barometer-trend@2.2.8 test
> npm run build && mocha --recursive


> barometer-trend@2.2.8 build
> tsc



  Unit Tests
    Set Latitude
      1) it should default
      ✔ it should set

  Function Tests - Trend chooser
    ✔ it should be RISING.STEADY and pick the THREE HOUR prognose
    ✔ it should be fALLING.RAPIDLY and pick the ONE HOUR prognose
    ✔ it should not include older pressure readings
    ✔ it should be fALLING.RAPIDLY and include wind

  Smoothing Tests
    Downward trend
Mean: 101315, Standard Deviation: 7.0710678118654755
      ✔ it should be equal
Mean: 101305, Standard Deviation: 19.493588689617926
      ✔ it should smoothen fall of 50
Mean: 101325, Standard Deviation: 24.08318915758459
      ✔ it should smoothen rise of 50
    Upward trend
Mean: 101335, Standard Deviation: 7.0710678118654755
      ✔ it should be equal
Mean: 101326, Standard Deviation: 22.22611077089287
      ✔ it should smoothen fall of 50
Mean: 101346, Standard Deviation: 21.307275752662516
      ✔ it should smoothen rise of 50
    Other scenarios
Mean: 101346, Standard Deviation: 27.459060435491963
      ✔ it should smoothen end rise of 50
Mean: 101306, Standard Deviation: 23.53720459187964
      ✔ it should smoothen end fall of 50

  Globals Tests
    Mean tempereature
      ✔ it should default
      ✔ it should set
    Keep pressure readings for
      ✔ it should default
      ✔ it should set
    Apply Sea Level
      ✔ it should default
      ✔ it should set
    Apply Diurnal Rythm
      ✔ it should default
      ✔ it should set

  Beaufort Tests
    Get beaufort prognose
      ✔ it should equal F6-7
      ✔ it should equal F8-9
      ✔ it should equal F10+
      ✔ it should equal F6-7
      ✔ it should equal F8-12
      ✔ it should equal Less than F6
    getWindDirectionByDegree
      ✔ should be actual force
      ✔ should round decimals up
      ✔ should round decimals down

  Pressure Tendency and Wind Tests
    Northern Hemishpere - Get prediction by wind
      ✔ it should equal a pressure below 100900
      ✔ it should equal a pressure below 102200
      ✔ it should equal a pressure below 999999
    Southern Hemisphere - Get prediction by wind
      ✔ it should equal a pressure below 100900
      ✔ it should equal a pressure below 100900
      ✔ it should equal a pressure below 100900
      ✔ it should equal a pressure below 100900

  By Pressure Trend And Seasons Tests
    Pressure lower than 98205.3
      ✔ it should equal a RISING.RAPIDLY - winter
      ✔ it should equal a RISING.RAPIDLY - summer
      ✔ it should replace CHANGING with RAPIDLY - summer
      ✔ it should replace QUICKLY with RAPIDLY - summer
    Pressure lower than 101592
      ✔ it should equal a STEADY.STEADY - winter
      ✔ it should equal a STEADY.STEADY - summer
    Pressure lower than 104978
      ✔ it should equal a FALLING.SLOWLY - winter
      ✔ it should equal a FALLING.SLOWLY - summer

  Diurnal Rythm Tests
    Mid-High Latitude Correct Pressure Calculations for 24-Hour Cycle
      ✔ should return correct pressure and metadata at 2025-07-16T00:00:00
      ✔ should return correct pressure and metadata at 2025-07-16T03:00:00
      ✔ should return correct pressure and metadata at 2025-07-16T06:00:00
      ✔ should return correct pressure and metadata at 2025-07-16T09:00:00
      ✔ should return correct pressure and metadata at 2025-07-16T12:00:00
      ✔ should return correct pressure and metadata at 2025-07-16T15:00:00
      ✔ should return correct pressure and metadata at 2025-07-16T18:00:00
      ✔ should return correct pressure and metadata at 2025-07-16T21:00:00
    Error Handling
      ✔ should throw an error for invalid pressure
      ✔ should throw an error for invalid latitude

  Front Tests
    Analyze pressures
      ✔ it should equal FFF
      ✔ it should equal FFS
      ✔ it should equal FFR
      ✔ it should equal RFF
      ✔ it should equal RRR
      ✔ it should equal RRS
      ✔ it should equal FRR
      ✔ it should equal RRF
      ✔ it should equal SSS
      ✔ it has only less than one hour readings
      ✔ it should not be recognized

  History Tests
    Unit tests
      ✔ it should equal 5 hours
      ✔ it should equal 3 hours
    Function tests
      2) it should equal 5 hours

  getBarometerLabel
    ✔ should return "Stormy" for 97000 Pa
    ✔ should return "Rain" for 99000 Pa
    ✔ should return "Change" for 101000 Pa
    ✔ should return "Fair" for 102200 Pa
    ✔ should return "Clear" for 102700 Pa
    ✔ should return "Very Dry" for 104000 Pa
    ✔ should return "Unknown" for negative pressure

  System Tests
    System match
      3) it should be NORMAL
      ✔ it should be LOW
      4) it should be LOW
      5) it should be NORMAL 2
      ✔ it should be HIGH
      6) it should be NORMAL
      7) it should be HIGH 2
    getSystemByPressureTrend Tests
      ✔ it should be null
      ✔ it should be trending to LOW
      ✔ it should be trending to NORMAL
      ✔ it should be trending to HIGH

  ReadingStore Tests
    Add pressure
      ✔ it should not throw exceptions
      ✔ it should not add older than
      ✔ it should not add two same datetimes
    Has pressure
      ✔ it should not have
      ✔ it should have
    Get all
      ✔ it should get all
    getPressureByChoice
      ✔ it should should be sealevel pressure
      ✔ it should should not be pressure by altitude as latitude is missing
      ✔ it should should be diurnal by altitude
      ✔ it should should be sealevel diurnal
    Find pressure closest to
      ✔ it should pick the previous
      ✔ it should pick the next
      ✔ it should pick the middle
      ✔ it should pick hour
    Smoothing tests
Mean: 101335, Standard Deviation: 7.0710678118654755
Mean: 101337.5, Standard Deviation: 8.539125638299666
Mean: 101346.42857142857, Standard Deviation: 23.255457994428152
      ✔ it should smooth
    Data Quality tests
      ✔ it should be 25%
      ✔ it should be 50%
      ✔ it should be 100%

  Trend Tests
    THREE HOUR predictions
      ✔ it should RISING.STEADY
      ✔ it should FALLING.SLOWLY
      ✔ it should RISING.SLOWLY
      ✔ it should RISING.CHANGING
      ✔ it should RISING.QUICKLY
      ✔ it should RISING.RAPIDLY
      ✔ it should FALLING.STEADY
      ✔ it should FALLING.SLOWLY
      ✔ it should FALLING.CHANGING
      ✔ it should FALLING.QUICKLY
      ✔ it should FALLING.RAPIDLY
    ONE HOUR predictions
      ✔ it should RISING.SLOWLY
      ✔ it should RISING.CHANGING
      8) it should RISING.QUICKLY
      ✔ it should RISING.RAPIDLY

  Utils Tests
    Minutes from now
      ✔ it should equal
    dayOfYear Tests
      ✔ it should equal 2025
      ✔ it should equal 2024
    24 Hour Format Tests
      ✔ it should equal half hour
      ✔ it should equal late hour
      ✔ it should equal early hour
    IsValidLatitude Tests
      ✔ it should not be less than 90
      ✔ it should not be more than 90
      ✔ it should be true
      ✔ it should be not be NaN
      ✔ it should be not be null
    Is Northern Hemisphere Tests
      ✔ it should be northern
      ✔ it should not be northern
      ✔ it should not be default nortern
    Three star rating Tests
      ✔ it should be 25%
      ✔ it should be 34%
      ✔ it should be 50%
      ✔ it should be 77%
      ✔ it should be 90%
      ✔ it should be 100%


  133 passing (52ms)
  8 failing

  1) Unit Tests
       Set Latitude
         it should default:
     AssertionError [ERR_ASSERTION]: Expected values to be strictly equal:
[32m+ actual[39m [31m- expected[39m

[32m+[39m null
[31m-[39m undefined
      at Context.<anonymous> (test/index.test.js:15:20)
      at process.processImmediate (node:internal/timers:483:21)

  2) History Tests
       Function tests
         it should equal 5 hours:
     TypeError: Cannot read properties of undefined (reading 'length')
      at Context.<anonymous> (test/src/predictions/history.test.js:75:30)
      at process.processImmediate (node:internal/timers:483:21)

  3) System Tests
       System match
         it should be NORMAL:

      AssertionError [ERR_ASSERTION]: Expected values to be strictly equal:
[32m+ actual[39m [31m- expected[39m

[32m+[39m 'Between Low and High'
[31m-[39m 'Normal'
      + expected - actual

      -Between Low and High
      +Normal
      
      at Context.<anonymous> (test/src/predictions/system.test.js:15:11)
      at process.processImmediate (node:internal/timers:483:21)

  4) System Tests
       System match
         it should be LOW:

      AssertionError [ERR_ASSERTION]: Expected values to be strictly equal:

1 !== 0

      + expected - actual

      -1
      +0
      
      at Context.<anonymous> (test/src/predictions/system.test.js:32:11)
      at process.processImmediate (node:internal/timers:483:21)

  5) System Tests
       System match
         it should be NORMAL 2:

      AssertionError [ERR_ASSERTION]: Expected values to be strictly equal:
[32m+ actual[39m [31m- expected[39m

[32m+[39m 'Between Low and High'
[31m-[39m 'Normal'
      + expected - actual

      -Between Low and High
      +Normal
      
      at Context.<anonymous> (test/src/predictions/system.test.js:42:11)
      at process.processImmediate (node:internal/timers:483:21)

  6) System Tests
       System match
         it should be NORMAL:

      AssertionError [ERR_ASSERTION]: Expected values to be strictly equal:
[32m+ actual[39m [31m- expected[39m

[32m+[39m 'Between Low and High'
[31m-[39m 'Normal'
      + expected - actual

      -Between Low and High
      +Normal
      
      at Context.<anonymous> (test/src/predictions/system.test.js:60:11)
      at process.processImmediate (node:internal/timers:483:21)

  7) System Tests
       System match
         it should be HIGH 2:

      AssertionError [ERR_ASSERTION]: Expected values to be strictly equal:

1 !== 2

      + expected - actual

      -1
      +2
      
      at Context.<anonymous> (test/src/predictions/system.test.js:68:11)
      at process.processImmediate (node:internal/timers:483:21)

  8) Trend Tests
       ONE HOUR predictions
         it should RISING.QUICKLY:

      AssertionError [ERR_ASSERTION]: Expected values to be strictly equal:
[32m+ actual[39m [31m- expected[39m

[32m+[39m 'RAPIDLY'
[31m-[39m 'QUICKLY'
      + expected - actual

      -RAPIDLY
      +QUICKLY
      
      at Context.<anonymous> (test/src/trend.test.js:225:11)
      at process.processImmediate (node:internal/timers:483:21)



